// Jest Snapshot v1, https://goo.gl/fbAQLP

exports[`PostList renders correctly 1`] = `
<div>
  <div
    class="postList"
  >
    <div
      class="MuiPaper-root MuiCard-root makeStyles-root-1 MuiPaper-elevation1 MuiPaper-rounded"
    >
      <div
        class="MuiCardContent-root"
      >
        <p
          class="MuiTypography-root MuiTypography-body2 MuiTypography-colorTextSecondary"
        >
          User: 
          1
        </p>
        <p
          class="MuiTypography-root makeStyles-title-2 MuiTypography-body2"
        >
          title1
        </p>
        <p
          class="MuiTypography-root MuiTypography-body2"
        >
          a b c d e far walk soon
        </p>
      </div>
      <div
        class="MuiCardActions-root MuiCardActions-spacing"
      >
        <button
          aria-label="delete"
          class="MuiButtonBase-root MuiIconButton-root"
          tabindex="0"
          type="button"
        >
          <span
            class="MuiIconButton-label"
          >
            <svg
              aria-hidden="true"
              class="MuiSvgIcon-root MuiSvgIcon-fontSizeSmall"
              focusable="false"
              viewBox="0 0 24 24"
            >
              <path
                d="M6 19c0 1.1.9 2 2 2h8c1.1 0 2-.9 2-2V7H6v12zM19 4h-3.5l-1-1h-5l-1 1H5v2h14V4z"
              />
            </svg>
          </span>
          <span
            class="MuiTouchRipple-root"
          />
        </button>
      </div>
    </div>
    <div
      class="MuiPaper-root MuiCard-root makeStyles-root-1 MuiPaper-elevation1 MuiPaper-rounded"
    >
      <div
        class="MuiCardContent-root"
      >
        <p
          class="MuiTypography-root MuiTypography-body2 MuiTypography-colorTextSecondary"
        >
          User: 
          1
        </p>
        <p
          class="MuiTypography-root makeStyles-title-2 MuiTypography-body2"
        >
          title2
        </p>
        <p
          class="MuiTypography-root MuiTypography-body2"
        >
          a b c d e raf klaw noos
        </p>
      </div>
      <div
        class="MuiCardActions-root MuiCardActions-spacing"
      >
        <button
          aria-label="delete"
          class="MuiButtonBase-root MuiIconButton-root"
          tabindex="0"
          type="button"
        >
          <span
            class="MuiIconButton-label"
          >
            <svg
              aria-hidden="true"
              class="MuiSvgIcon-root MuiSvgIcon-fontSizeSmall"
              focusable="false"
              viewBox="0 0 24 24"
            >
              <path
                d="M6 19c0 1.1.9 2 2 2h8c1.1 0 2-.9 2-2V7H6v12zM19 4h-3.5l-1-1h-5l-1 1H5v2h14V4z"
              />
            </svg>
          </span>
          <span
            class="MuiTouchRipple-root"
          />
        </button>
      </div>
    </div>
  </div>
</div>
`;
